// Jest Snapshot v1, https://goo.gl/fbAQLP

exports[`Dropdown renders correctly 1`] = `
<div>
  <div
    class="Dropdown__DropdownWrapper-y8i6hw-1 YfFJY"
  >
    <span
      class="Dropdown__StyledLabel-y8i6hw-0 sZwBi"
    >
      Filter By
    </span>
    <input
      class="Dropdown__StyledButton-y8i6hw-2 koLxyO"
      type="button"
      value="This Week"
    />
    <ul
      class="Dropdown__StyledButtonUl-y8i6hw-3 dwFUEW"
    >
      <li
        class="Dropdown__StyledButtonLi-y8i6hw-4 bcOFik"
      >
        This Week
      </li>
      <li
        class="Dropdown__StyledButtonLi-y8i6hw-4 bcOFik"
      >
        Last Week
      </li>
    </ul>
  </div>
</div>
`;
